Device: cuda
dir_path /home/jlee859/.cache/atomgptlab/alignn_ff/v12.2.2024_dft_3d_307k
cutoff=4.0  max_neighbors=12

=== f32 ===
dir_path /home/jlee859/.cache/atomgptlab/alignn_ff/v12.2.2024_dft_3d_307k
  i= 20  N=    32000  E= 0.603859  t=  1.03s  peak=   6.9 GB
  i= 30  N=   108000  E= 0.605611  t=  0.82s  peak=  23.1 GB
  i= 40  N=   256000  E= 0.600853  t=  1.70s  peak=  54.7 GB
  i= 45  N=   364500  E= 0.600274  t=  2.43s  peak=  77.8 GB

=== f64 ===
dir_path /home/jlee859/.cache/atomgptlab/alignn_ff/v12.2.2024_dft_3d_307k
  i= 20  N=    32000  E= 0.604015  t=  1.02s  peak=  13.6 GB
  i= 30  N=   108000  E= 0.604015  t=  1.50s  peak=  45.9 GB
  i= 40  N=   256000  E= 0.604015  t=  3.49s  peak= 108.7 GB
  i= 45  N=   364500  E= 0.604015  t=  5.02s  peak= 154.7 GB

=== f32-orig ===
dir_path /home/jlee859/.cache/atomgptlab/alignn_ff/v12.2.2024_dft_3d_307k
  i= 50  N=   500000  E= 0.635629  t=  3.27s  peak= 106.7 GB
  i= 54  N=   629856  E= 0.751221  t=  4.18s  peak= 134.5 GB
  i= 58  N=   780448  E= 0.837541  t=  5.13s  peak= 166.6 GB

=== f32-perm1-permuted ===
dir_path /home/jlee859/.cache/atomgptlab/alignn_ff/v12.2.2024_dft_3d_307k
  i= 50  N=   500000  E= 0.615287  t=  5.47s  peak= 106.7 GB
  i= 54  N=   629856  E= 0.662116  t=  6.83s  peak= 134.5 GB
  i= 58  N=   780448  E= 0.706817  t=  8.43s  peak= 166.6 GB

=== f32 vs f64 (same size) ===
  i          N        E_f32        E_f64        |ΔE|
-------------------------------------------------------
   20      32000     0.603859     0.604015    1.55e-04
   30     108000     0.605611     0.604015    1.60e-03
   40     256000     0.600853     0.604015    3.16e-03
   45     364500     0.600274     0.604015    3.74e-03

=== f32 atom-permutation test (same physics, shuffled order) ===
  i          N       E_orig       E_perm        |ΔE|
-------------------------------------------------------
   50     500000     0.635629     0.615287    2.03e-02
   54     629856     0.751221     0.662116    8.91e-02
   58     780448     0.837541     0.706817    1.31e-01

Raw results: drift_diag.json
